Archive member included to satisfy reference by file (symbol)

c:/nxp/mcuxpressoide_10.1.1_606/ide/tools/bin/../lib/gcc/arm-none-eabi/6.3.1/../../../../arm-none-eabi/lib/thumb/v7e-m/fpv4-sp/hard\libcr_nohost_nf.a(_cr__main.o)
                              ./startup/startup_mk64f12.o (__main)
c:/nxp/mcuxpressoide_10.1.1_606/ide/tools/bin/../lib/gcc/arm-none-eabi/6.3.1/../../../../arm-none-eabi/lib/thumb/v7e-m/fpv4-sp/hard\libcr_nohost_nf.a(_cr_assert.o)
                              ./utilities/fsl_debug_console.o (__assertion_failed)
c:/nxp/mcuxpressoide_10.1.1_606/ide/tools/bin/../lib/gcc/arm-none-eabi/6.3.1/../../../../arm-none-eabi/lib/thumb/v7e-m/fpv4-sp/hard\libcr_nohost_nf.a(__ciob.o)
                              c:/nxp/mcuxpressoide_10.1.1_606/ide/tools/bin/../lib/gcc/arm-none-eabi/6.3.1/../../../../arm-none-eabi/lib/thumb/v7e-m/fpv4-sp/hard\libcr_nohost_nf.a(_cr_assert.o) (__Ciob)
c:/nxp/mcuxpressoide_10.1.1_606/ide/tools/bin/../lib/gcc/arm-none-eabi/6.3.1/../../../../arm-none-eabi/lib/thumb/v7e-m/fpv4-sp/hard\libcr_nohost_nf.a(__sys_appexit.o)
                              c:/nxp/mcuxpressoide_10.1.1_606/ide/tools/bin/../lib/gcc/arm-none-eabi/6.3.1/../../../../arm-none-eabi/lib/thumb/v7e-m/fpv4-sp/hard\libcr_nohost_nf.a(_cr_assert.o) (__sys_appexit)
c:/nxp/mcuxpressoide_10.1.1_606/ide/tools/bin/../lib/gcc/arm-none-eabi/6.3.1/../../../../arm-none-eabi/lib/thumb/v7e-m/fpv4-sp/hard\libcr_c.a(memcpy.o)
                              ./drivers/fsl_flash.o (memcpy)
c:/nxp/mcuxpressoide_10.1.1_606/ide/tools/bin/../lib/gcc/arm-none-eabi/6.3.1/../../../../arm-none-eabi/lib/thumb/v7e-m/fpv4-sp/hard\libcr_c.a(memset.o)
                              ./utilities/fsl_debug_console.o (memset)
c:/nxp/mcuxpressoide_10.1.1_606/ide/tools/bin/../lib/gcc/arm-none-eabi/6.3.1/../../../../arm-none-eabi/lib/thumb/v7e-m/fpv4-sp/hard\libcr_c.a(_deferredlazyseek.o)
                              c:/nxp/mcuxpressoide_10.1.1_606/ide/tools/bin/../lib/gcc/arm-none-eabi/6.3.1/../../../../arm-none-eabi/lib/thumb/v7e-m/fpv4-sp/hard\libcr_nohost_nf.a(_cr_assert.o) (__flsbuf)
c:/nxp/mcuxpressoide_10.1.1_606/ide/tools/bin/../lib/gcc/arm-none-eabi/6.3.1/../../../../arm-none-eabi/lib/thumb/v7e-m/fpv4-sp/hard\libcr_c.a(_fflush.o)
                              c:/nxp/mcuxpressoide_10.1.1_606/ide/tools/bin/../lib/gcc/arm-none-eabi/6.3.1/../../../../arm-none-eabi/lib/thumb/v7e-m/fpv4-sp/hard\libcr_c.a(_deferredlazyseek.o) (_fflush)
c:/nxp/mcuxpressoide_10.1.1_606/ide/tools/bin/../lib/gcc/arm-none-eabi/6.3.1/../../../../arm-none-eabi/lib/thumb/v7e-m/fpv4-sp/hard\libcr_c.a(_writebuf.o)
                              c:/nxp/mcuxpressoide_10.1.1_606/ide/tools/bin/../lib/gcc/arm-none-eabi/6.3.1/../../../../arm-none-eabi/lib/thumb/v7e-m/fpv4-sp/hard\libcr_c.a(_deferredlazyseek.o) (_Cwritebuf)
c:/nxp/mcuxpressoide_10.1.1_606/ide/tools/bin/../lib/gcc/arm-none-eabi/6.3.1/../../../../arm-none-eabi/lib/thumb/v7e-m/fpv4-sp/hard\libcr_c.a(alloc.o)
                              c:/nxp/mcuxpressoide_10.1.1_606/ide/tools/bin/../lib/gcc/arm-none-eabi/6.3.1/../../../../arm-none-eabi/lib/thumb/v7e-m/fpv4-sp/hard\libcr_c.a(_deferredlazyseek.o) (_Csys_alloc)
c:/nxp/mcuxpressoide_10.1.1_606/ide/tools/bin/../lib/gcc/arm-none-eabi/6.3.1/../../../../arm-none-eabi/lib/thumb/v7e-m/fpv4-sp/hard\libcr_c.a(fputs.o)
                              c:/nxp/mcuxpressoide_10.1.1_606/ide/tools/bin/../lib/gcc/arm-none-eabi/6.3.1/../../../../arm-none-eabi/lib/thumb/v7e-m/fpv4-sp/hard\libcr_nohost_nf.a(_cr_assert.o) (fputs)
c:/nxp/mcuxpressoide_10.1.1_606/ide/tools/bin/../lib/gcc/arm-none-eabi/6.3.1/../../../../arm-none-eabi/lib/thumb/v7e-m/fpv4-sp/hard\libcr_c.a(fseek.o)
                              c:/nxp/mcuxpressoide_10.1.1_606/ide/tools/bin/../lib/gcc/arm-none-eabi/6.3.1/../../../../arm-none-eabi/lib/thumb/v7e-m/fpv4-sp/hard\libcr_c.a(_deferredlazyseek.o) (fseek)
c:/nxp/mcuxpressoide_10.1.1_606/ide/tools/bin/../lib/gcc/arm-none-eabi/6.3.1/../../../../arm-none-eabi/lib/thumb/v7e-m/fpv4-sp/hard\libcr_c.a(ftell.o)
                              c:/nxp/mcuxpressoide_10.1.1_606/ide/tools/bin/../lib/gcc/arm-none-eabi/6.3.1/../../../../arm-none-eabi/lib/thumb/v7e-m/fpv4-sp/hard\libcr_c.a(fseek.o) (ftell)
c:/nxp/mcuxpressoide_10.1.1_606/ide/tools/bin/../lib/gcc/arm-none-eabi/6.3.1/../../../../arm-none-eabi/lib/thumb/v7e-m/fpv4-sp/hard\libcr_c.a(initio.o)
                              c:/nxp/mcuxpressoide_10.1.1_606/ide/tools/bin/../lib/gcc/arm-none-eabi/6.3.1/../../../../arm-none-eabi/lib/thumb/v7e-m/fpv4-sp/hard\libcr_nohost_nf.a(_cr__main.o) (_initio)
c:/nxp/mcuxpressoide_10.1.1_606/ide/tools/bin/../lib/gcc/arm-none-eabi/6.3.1/../../../../arm-none-eabi/lib/thumb/v7e-m/fpv4-sp/hard\libcr_c.a(setvbuf.o)
                              c:/nxp/mcuxpressoide_10.1.1_606/ide/tools/bin/../lib/gcc/arm-none-eabi/6.3.1/../../../../arm-none-eabi/lib/thumb/v7e-m/fpv4-sp/hard\libcr_c.a(initio.o) (setvbuf)
[...]
Memory Configuration

Name             Origin             Length             Attributes
PROGRAM_FLASH    0x00000000         0x00100000         xr
SRAM_UPPER       0x20000000         0x00030000         xrw
SRAM_LOWER       0x1fff0000         0x00010000         xrw
FLEX_RAM         0x14000000         0x00001000         xrw
*default*        0x00000000         0xffffffff

Linker script and memory map

LOAD ./utilities/fsl_assert.o
LOAD ./utilities/fsl_debug_console.o
LOAD ./utilities/fsl_io.o
LOAD ./utilities/fsl_log.o
LOAD ./utilities/fsl_str.o
LOAD ./startup/startup_mk64f12.o
LOAD ./source/ContextSwitch-2.o
LOAD ./source/context_switch.o
LOAD ./source/semihost_hardfault.o
LOAD ./source/syscall.o
LOAD ./drivers/fsl_clock.o
LOAD ./drivers/fsl_common.o
LOAD ./drivers/fsl_flash.o
LOAD ./drivers/fsl_gpio.o
LOAD ./drivers/fsl_smc.o
LOAD ./drivers/fsl_uart.o
LOAD ./board/board.o
LOAD ./board/clock_config.o
LOAD ./board/pin_mux.o
LOAD ./CMSIS/system_MK64F12.o
START GROUP
LOAD c:/nxp/mcuxpressoide_10.1.1_606/ide/tools/bin/../lib/gcc/arm-none-eabi/6.3.1/../../../../arm-none-eabi/lib/thumb/v7e-m/fpv4-sp/hard\libcr_nohost_nf.a
LOAD c:/nxp/mcuxpressoide_10.1.1_606/ide/tools/bin/../lib/gcc/arm-none-eabi/6.3.1/../../../../arm-none-eabi/lib/thumb/v7e-m/fpv4-sp/hard\libcr_c.a
LOAD c:/nxp/mcuxpressoide_10.1.1_606/ide/tools/bin/../lib/gcc/arm-none-eabi/6.3.1/thumb/v7e-m/fpv4-sp/hard\libcr_eabihelpers.a
END GROUP
                0x00000000                __base_PROGRAM_FLASH = 0x0
                0x00000000                __base_Flash = 0x0
                0x00100000                __top_PROGRAM_FLASH = 0x100000
                0x00100000                __top_Flash = 0x100000
                0x20000000                __base_SRAM_UPPER = 0x20000000
                0x20000000                __base_RAM = 0x20000000
                0x20030000                __top_SRAM_UPPER = 0x20030000
                0x20030000                __top_RAM = 0x20030000
                0x1fff0000                __base_SRAM_LOWER = 0x1fff0000
                0x1fff0000                __base_RAM2 = 0x1fff0000
                0x20000000                __top_SRAM_LOWER = 0x20000000
                0x20000000                __top_RAM2 = 0x20000000
                0x14000000                __base_FLEX_RAM = 0x14000000
                0x14000000                __base_RAM3 = 0x14000000
                0x14001000                __top_FLEX_RAM = 0x14001000
                0x14001000                __top_RAM3 = 0x14001000

.text           0x00000000     0x30d8
 FILL mask 0xff
                0x00000000                __vectors_start__ = ABSOLUTE (.)
 *(.isr_vector)
 .isr_vector    0x00000000      0x198 ./startup/startup_mk64f12.o
                0x00000000                g_pfnVectors
                0x00000000                __Vectors
                0x00000198                . = ALIGN (0x4)
                0x00000198                __section_table_start = .
                0x00000198                __data_section_table = .
                0x00000198        0x4 LONG 0x30d8 LOADADDR (.data)
                0x0000019c        0x4 LONG 0x20000000 ADDR (.data)
                0x000001a0        0x4 LONG 0x10 SIZEOF (.data)
                0x000001a4        0x4 LONG 0x30d8 LOADADDR (.data_RAM2)
                0x000001a8        0x4 LONG 0x1fff0000 ADDR (.data_RAM2)
                0x000001ac        0x4 LONG 0x0 SIZEOF (.data_RAM2)
                0x000001b0        0x4 LONG 0x30d8 LOADADDR (.data_RAM3)
                0x000001b4        0x4 LONG 0x14000000 ADDR (.data_RAM3)
                0x000001b8        0x4 LONG 0x0 SIZEOF (.data_RAM3)
                0x000001bc                __data_section_table_end = .
                0x000001bc                __bss_section_table = .
                0x000001bc        0x4 LONG 0x20000010 ADDR (.bss)
                0x000001c0        0x4 LONG 0x4ec SIZEOF (.bss)
                0x000001c4        0x4 LONG 0x1fff0000 ADDR (.bss_RAM2)
                0x000001c8        0x4 LONG 0x0 SIZEOF (.bss_RAM2)
                0x000001cc        0x4 LONG 0x14000000 ADDR (.bss_RAM3)
                0x000001d0        0x4 LONG 0x0 SIZEOF (.bss_RAM3)
                0x000001d4                __bss_section_table_end = .
                0x000001d4                __section_table_end = .
 *(.after_vectors*)
 .after_vectors.init_data
                0x000001d4       0x1e ./startup/startup_mk64f12.o
                0x000001d4                data_init
 .after_vectors.init_bss
                0x000001f2       0x12 ./startup/startup_mk64f12.o
                0x000001f2                bss_init
 .after_vectors.reset
                0x00000204       0x4c ./startup/startup_mk64f12.o
                0x00000204                ResetISR
 .after_vectors
                0x00000250       0x12 ./startup/startup_mk64f12.o
                0x00000250                NMI_Handler
                0x00000254                MemManage_Handler
                0x00000256                BusFault_Handler
                0x00000258                UsageFault_Handler
                0x0000025a                DebugMon_Handler
                0x0000025c                PendSV_Handler
                0x0000025e                SysTick_Handler
                0x00000260                DMA_Error_DriverIRQHandler
                0x00000260                LPTMR0_DriverIRQHandler
                0x00000260                SPI1_DriverIRQHandler
                0x00000260                FTM1_DriverIRQHandler
                0x00000260                FTM2_DriverIRQHandler
                0x00000260                PIT2_DriverIRQHandler
                0x00000260                SDHC_DriverIRQHandler
                0x00000260                I2S0_Tx_DriverIRQHandler
                0x00000260                RTC_Seconds_DriverIRQHandler
                0x00000260                DMA6_DriverIRQHandler
                0x00000260                LLWU_DriverIRQHandler
                0x00000260                MCM_DriverIRQHandler
                0x00000260                MCG_DriverIRQHandler
                0x00000260                ENET_1588_Timer_DriverIRQHandler
                0x00000260                I2C2_DriverIRQHandler
                0x00000260                DAC1_DriverIRQHandler
                0x00000260                DMA12_DriverIRQHandler
                0x00000260                CMP1_DriverIRQHandler
                0x00000260                FTM0_DriverIRQHandler
                0x00000260                IntDefaultHandler
                0x00000260                USB0_DriverIRQHandler
                0x00000260                UART5_ERR_DriverIRQHandler
                0x00000260                PORTC_DriverIRQHandler
                0x00000260                DMA11_DriverIRQHandler
                0x00000260                DAC0_DriverIRQHandler
                0x00000260                DMA10_DriverIRQHandler
                0x00000260                CMP2_DriverIRQHandler
                0x00000260                UART2_ERR_DriverIRQHandler
                0x00000260                SPI2_DriverIRQHandler
                0x00000260                LVD_LVW_DriverIRQHandler
                0x00000260                PORTB_DriverIRQHandler
                0x00000260                RNG_DriverIRQHandler
                0x00000260                DMA5_DriverIRQHandler
                0x00000260                DMA4_DriverIRQHandler
                0x00000260                USBDCD_DriverIRQHandler
                0x00000260                UART3_ERR_DriverIRQHandler
                0x00000260                DMA3_DriverIRQHandler
                0x00000260                DMA8_DriverIRQHandler
                0x00000260                DMA9_DriverIRQHandler
                0x00000260                UART0_ERR_DriverIRQHandler
                0x00000260                CMT_DriverIRQHandler
                0x00000260                Reserved71_DriverIRQHandler
                0x00000260                ADC1_DriverIRQHandler
                0x00000260                PORTA_DriverIRQHandler
                0x00000260                DMA14_DriverIRQHandler
                0x00000260                PIT3_DriverIRQHandler
                0x00000260                PIT1_DriverIRQHandler
                0x00000260                WDOG_EWM_DriverIRQHandler
                0x00000260                PDB0_DriverIRQHandler
                0x00000260                RTC_DriverIRQHandler
                0x00000260                I2S0_Rx_DriverIRQHandler
                0x00000260                Read_Collision_DriverIRQHandler
                0x00000260                SWI_DriverIRQHandler
                0x00000260                UART4_ERR_DriverIRQHandler
                0x00000260                DMA0_DriverIRQHandler
                0x00000260                UART0_LON_DriverIRQHandler
                0x00000260                DMA1_DriverIRQHandler
                0x00000260                I2C1_DriverIRQHandler
                0x00000260                ENET_Receive_DriverIRQHandler
                0x00000260                DMA13_DriverIRQHandler
                0x00000260                ENET_Error_DriverIRQHandler
                0x00000260                DMA15_DriverIRQHandler
                0x00000260                SPI0_DriverIRQHandler
                0x00000260                ADC0_DriverIRQHandler
                0x00000260                CMP0_DriverIRQHandler
                0x00000260                CAN0_DriverIRQHandler
                0x00000260                FTM3_DriverIRQHandler
                0x00000260                PIT0_DriverIRQHandler
                0x00000260                UART1_ERR_DriverIRQHandler
                0x00000260                DMA2_DriverIRQHandler
                0x00000260                ENET_Transmit_DriverIRQHandler
                0x00000260                PORTD_DriverIRQHandler
                0x00000260                PORTE_DriverIRQHandler
                0x00000260                FTFE_DriverIRQHandler
                0x00000260                I2C0_DriverIRQHandler
                0x00000260                DMA7_DriverIRQHandler
                0x00000400                . = 0x400
 *fill*         0x00000262      0x19e ff
                0x00000400                PROVIDE (__FLASH_CONFIG_START__, .)
 *(.FlashConfig)
 .FlashConfig   0x00000400       0x10 ./startup/startup_mk64f12.o
                0x00000400                Flash_Config
                0x00000410                PROVIDE (__FLASH_CONFIG_END__, .)
                0x00000001                ASSERT (! ((__FLASH_CONFIG_START__ == __FLASH_CONFIG_END__)), Linker Flash Config Support Enabled, but no .FlashConfig section provided within application)
 *(.text*)
 .text.DbgConsole_Init
                0x00000410       0x38 ./utilities/fsl_debug_console.o
                0x00000410                DbgConsole_Init
 .text.DbgConsole_Printf
                0x00000448       0x64 ./utilities/fsl_debug_console.o
                0x00000448                DbgConsole_Printf
 .text.DbgConsole_RelocateLog
                0x000004ac       0x64 ./utilities/fsl_debug_console.o
 .text.UART_EnableTx
                0x00000510       0x40 ./utilities/fsl_io.o
 .text.UART_EnableRx
                0x00000550       0x40 ./utilities/fsl_io.o
 .text.IO_Init  0x00000590       0x80 ./utilities/fsl_io.o
                0x00000590                IO_Init
 .text.IO_Transfer
                0x00000610       0x5c ./utilities/fsl_io.o
                0x00000610                IO_Transfer
 .text.LOG_Init
                0x0000066c       0x30 ./utilities/fsl_log.o
                0x0000066c                LOG_Init
 .text.LOG_Push
                0x0000069c       0x2c ./utilities/fsl_log.o
                0x0000069c                LOG_Push
 .text.LOG_Pop  0x000006c8       0x42 ./utilities/fsl_log.o
                0x000006c8                LOG_Pop
 .text.ConvertRadixNumToString
                0x0000070a      0x114 ./utilities/fsl_str.o
 *fill*         0x0000081e        0x2 ff
 .text.StrFormatPrintf
                0x00000820      0x35c ./utilities/fsl_str.o
                0x00000820                StrFormatPrintf
 .text.DMA0_IRQHandler
                0x00000b7c        0x8 ./startup/startup_mk64f12.o
                0x00000b7c                DMA0_IRQHandler
 .text.DMA1_IRQHandler
                0x00000b84        0x8 ./startup/startup_mk64f12.o
                0x00000b84                DMA1_IRQHandler
 .text.DMA2_IRQHandler
                0x00000b8c        0x8 ./startup/startup_mk64f12.o
                0x00000b8c                DMA2_IRQHandler
 .text.DMA3_IRQHandler
                0x00000b94        0x8 ./startup/startup_mk64f12.o
                0x00000b94                DMA3_IRQHandler
 .text.DMA4_IRQHandler
                0x00000b9c        0x8 ./startup/startup_mk64f12.o
                0x00000b9c                DMA4_IRQHandler
 .text.DMA5_IRQHandler
                0x00000ba4        0x8 ./startup/startup_mk64f12.o
                0x00000ba4                DMA5_IRQHandler
 .text.DMA6_IRQHandler
                0x00000bac        0x8 ./startup/startup_mk64f12.o
                0x00000bac                DMA6_IRQHandler
 .text.DMA7_IRQHandler
                0x00000bb4        0x8 ./startup/startup_mk64f12.o
                0x00000bb4                DMA7_IRQHandler
 .text.DMA8_IRQHandler
                0x00000bbc        0x8 ./startup/startup_mk64f12.o
                0x00000bbc                DMA8_IRQHandler
 .text.DMA9_IRQHandler
                0x00000bc4        0x8 ./startup/startup_mk64f12.o
                0x00000bc4                DMA9_IRQHandler
 .text.DMA10_IRQHandler
                0x00000bcc        0x8 ./startup/startup_mk64f12.o
                0x00000bcc                DMA10_IRQHandler
 .text.DMA11_IRQHandler
                0x00000bd4        0x8 ./startup/startup_mk64f12.o
                0x00000bd4                DMA11_IRQHandler
 .text.DMA12_IRQHandler
                0x00000bdc        0x8 ./startup/startup_mk64f12.o
                0x00000bdc                DMA12_IRQHandler
 .text.DMA13_IRQHandler
                0x00000be4        0x8 ./startup/startup_mk64f12.o
                0x00000be4                DMA13_IRQHandler
 .text.DMA14_IRQHandler
                0x00000bec        0x8 ./startup/startup_mk64f12.o
                0x00000bec                DMA14_IRQHandler
 .text.DMA15_IRQHandler
                0x00000bf4        0x8 ./startup/startup_mk64f12.o
                0x00000bf4                DMA15_IRQHandler
 .text.DMA_Error_IRQHandler
                0x00000bfc        0x8 ./startup/startup_mk64f12.o
                0x00000bfc                DMA_Error_IRQHandler
 .text.MCM_IRQHandler
                0x00000c04        0x8 ./startup/startup_mk64f12.o
                0x00000c04                MCM_IRQHandler
 .text.FTFE_IRQHandler
                0x00000c0c        0x8 ./startup/startup_mk64f12.o
                0x00000c0c                FTFE_IRQHandler
 .text.Read_Collision_IRQHandler
                0x00000c14        0x8 ./startup/startup_mk64f12.o
                0x00000c14                Read_Collision_IRQHandler
 .text.LVD_LVW_IRQHandler
                0x00000c1c        0x8 ./startup/startup_mk64f12.o
                0x00000c1c                LVD_LVW_IRQHandler
 .text.LLWU_IRQHandler
                0x00000c24        0x8 ./startup/startup_mk64f12.o
                0x00000c24                LLWU_IRQHandler
 .text.WDOG_EWM_IRQHandler
                0x00000c2c        0x8 ./startup/startup_mk64f12.o
                0x00000c2c                WDOG_EWM_IRQHandler
 .text.RNG_IRQHandler
                0x00000c34        0x8 ./startup/startup_mk64f12.o
                0x00000c34                RNG_IRQHandler
 .text.I2C0_IRQHandler
                0x00000c3c        0x8 ./startup/startup_mk64f12.o
                0x00000c3c                I2C0_IRQHandler
 .text.I2C1_IRQHandler
                0x00000c44        0x8 ./startup/startup_mk64f12.o
                0x00000c44                I2C1_IRQHandler
 .text.SPI0_IRQHandler
                0x00000c4c        0x8 ./startup/startup_mk64f12.o
                0x00000c4c                SPI0_IRQHandler
 .text.SPI1_IRQHandler
                0x00000c54        0x8 ./startup/startup_mk64f12.o
                0x00000c54                SPI1_IRQHandler
 .text.I2S0_Tx_IRQHandler
                0x00000c5c        0x8 ./startup/startup_mk64f12.o
                0x00000c5c                I2S0_Tx_IRQHandler
 .text.I2S0_Rx_IRQHandler
                0x00000c64        0x8 ./startup/startup_mk64f12.o
                0x00000c64                I2S0_Rx_IRQHandler
 .text.UART0_LON_IRQHandler
                0x00000c6c        0x8 ./startup/startup_mk64f12.o
                0x00000c6c                UART0_LON_IRQHandler
 .text.UART0_RX_TX_IRQHandler
                0x00000c74        0x8 ./startup/startup_mk64f12.o
                0x00000c74                UART0_RX_TX_IRQHandler
 .text.UART0_ERR_IRQHandler
                0x00000c7c        0x8 ./startup/startup_mk64f12.o
                0x00000c7c                UART0_ERR_IRQHandler
 .text.UART1_RX_TX_IRQHandler
                0x00000c84        0x8 ./startup/startup_mk64f12.o
                0x00000c84                UART1_RX_TX_IRQHandler
 .text.UART1_ERR_IRQHandler
                0x00000c8c        0x8 ./startup/startup_mk64f12.o
                0x00000c8c                UART1_ERR_IRQHandler
 .text.UART2_RX_TX_IRQHandler
                0x00000c94        0x8 ./startup/startup_mk64f12.o
                0x00000c94                UART2_RX_TX_IRQHandler
 .text.UART2_ERR_IRQHandler
                0x00000c9c        0x8 ./startup/startup_mk64f12.o
                0x00000c9c                UART2_ERR_IRQHandler
 .text.UART3_RX_TX_IRQHandler
                0x00000ca4        0x8 ./startup/startup_mk64f12.o
                0x00000ca4                UART3_RX_TX_IRQHandler
 .text.UART3_ERR_IRQHandler
                0x00000cac        0x8 ./startup/startup_mk64f12.o
                0x00000cac                UART3_ERR_IRQHandler
 .text.ADC0_IRQHandler
                0x00000cb4        0x8 ./startup/startup_mk64f12.o
                0x00000cb4                ADC0_IRQHandler
 .text.CMP0_IRQHandler
                0x00000cbc        0x8 ./startup/startup_mk64f12.o
                0x00000cbc                CMP0_IRQHandler
 .text.CMP1_IRQHandler
                0x00000cc4        0x8 ./startup/startup_mk64f12.o
                0x00000cc4                CMP1_IRQHandler
 .text.FTM0_IRQHandler
                0x00000ccc        0x8 ./startup/startup_mk64f12.o
                0x00000ccc                FTM0_IRQHandler
 .text.FTM1_IRQHandler
                0x00000cd4        0x8 ./startup/startup_mk64f12.o
                0x00000cd4                FTM1_IRQHandler
 .text.FTM2_IRQHandler
                0x00000cdc        0x8 ./startup/startup_mk64f12.o
                0x00000cdc                FTM2_IRQHandler
 .text.CMT_IRQHandler
                0x00000ce4        0x8 ./startup/startup_mk64f12.o
                0x00000ce4                CMT_IRQHandler
 .text.RTC_IRQHandler
                0x00000cec        0x8 ./startup/startup_mk64f12.o
                0x00000cec                RTC_IRQHandler
 .text.RTC_Seconds_IRQHandler
                0x00000cf4        0x8 ./startup/startup_mk64f12.o
                0x00000cf4                RTC_Seconds_IRQHandler
 .text.PIT0_IRQHandler
                0x00000cfc        0x8 ./startup/startup_mk64f12.o
                0x00000cfc                PIT0_IRQHandler
 .text.PIT1_IRQHandler
                0x00000d04        0x8 ./startup/startup_mk64f12.o
                0x00000d04                PIT1_IRQHandler
 .text.PIT2_IRQHandler
                0x00000d0c        0x8 ./startup/startup_mk64f12.o
                0x00000d0c                PIT2_IRQHandler
 .text.PIT3_IRQHandler
                0x00000d14        0x8 ./startup/startup_mk64f12.o
                0x00000d14                PIT3_IRQHandler
 .text.PDB0_IRQHandler
                0x00000d1c        0x8 ./startup/startup_mk64f12.o
                0x00000d1c                PDB0_IRQHandler
 .text.USB0_IRQHandler
                0x00000d24        0x8 ./startup/startup_mk64f12.o
                0x00000d24                USB0_IRQHandler
 .text.USBDCD_IRQHandler
                0x00000d2c        0x8 ./startup/startup_mk64f12.o
                0x00000d2c                USBDCD_IRQHandler
 .text.Reserved71_IRQHandler
                0x00000d34        0x8 ./startup/startup_mk64f12.o
                0x00000d34                Reserved71_IRQHandler
 .text.DAC0_IRQHandler
                0x00000d3c        0x8 ./startup/startup_mk64f12.o
                0x00000d3c                DAC0_IRQHandler
 .text.MCG_IRQHandler
                0x00000d44        0x8 ./startup/startup_mk64f12.o
                0x00000d44                MCG_IRQHandler
 .text.LPTMR0_IRQHandler
                0x00000d4c        0x8 ./startup/startup_mk64f12.o
                0x00000d4c                LPTMR0_IRQHandler
 .text.PORTA_IRQHandler
                0x00000d54        0x8 ./startup/startup_mk64f12.o
                0x00000d54                PORTA_IRQHandler
 .text.PORTB_IRQHandler
                0x00000d5c        0x8 ./startup/startup_mk64f12.o
                0x00000d5c                PORTB_IRQHandler
 .text.PORTC_IRQHandler
                0x00000d64        0x8 ./startup/startup_mk64f12.o
                0x00000d64                PORTC_IRQHandler
 .text.PORTD_IRQHandler
                0x00000d6c        0x8 ./startup/startup_mk64f12.o
                0x00000d6c                PORTD_IRQHandler
 .text.PORTE_IRQHandler
                0x00000d74        0x8 ./startup/startup_mk64f12.o
                0x00000d74                PORTE_IRQHandler
 .text.SWI_IRQHandler
                0x00000d7c        0x8 ./startup/startup_mk64f12.o
                0x00000d7c                SWI_IRQHandler
 .text.SPI2_IRQHandler
                0x00000d84        0x8 ./startup/startup_mk64f12.o
                0x00000d84                SPI2_IRQHandler
 .text.UART4_RX_TX_IRQHandler
                0x00000d8c        0x8 ./startup/startup_mk64f12.o
                0x00000d8c                UART4_RX_TX_IRQHandler
 .text.UART4_ERR_IRQHandler
                0x00000d94        0x8 ./startup/startup_mk64f12.o
                0x00000d94                UART4_ERR_IRQHandler
 .text.UART5_RX_TX_IRQHandler
                0x00000d9c        0x8 ./startup/startup_mk64f12.o
                0x00000d9c                UART5_RX_TX_IRQHandler
 .text.UART5_ERR_IRQHandler
                0x00000da4        0x8 ./startup/startup_mk64f12.o
                0x00000da4                UART5_ERR_IRQHandler
 .text.CMP2_IRQHandler
                0x00000dac        0x8 ./startup/startup_mk64f12.o
                0x00000dac                CMP2_IRQHandler
 .text.FTM3_IRQHandler
                0x00000db4        0x8 ./startup/startup_mk64f12.o
                0x00000db4                FTM3_IRQHandler
 .text.DAC1_IRQHandler
                0x00000dbc        0x8 ./startup/startup_mk64f12.o
                0x00000dbc                DAC1_IRQHandler
 .text.ADC1_IRQHandler
                0x00000dc4        0x8 ./startup/startup_mk64f12.o
                0x00000dc4                ADC1_IRQHandler
 .text.I2C2_IRQHandler
                0x00000dcc        0x8 ./startup/startup_mk64f12.o
                0x00000dcc                I2C2_IRQHandler
 .text.CAN0_ORed_Message_buffer_IRQHandler
                0x00000dd4        0x8 ./startup/startup_mk64f12.o
                0x00000dd4                CAN0_ORed_Message_buffer_IRQHandler
 .text.CAN0_Bus_Off_IRQHandler
                0x00000ddc        0x8 ./startup/startup_mk64f12.o
                0x00000ddc                CAN0_Bus_Off_IRQHandler
 .text.CAN0_Error_IRQHandler
                0x00000de4        0x8 ./startup/startup_mk64f12.o
                0x00000de4                CAN0_Error_IRQHandler
 .text.CAN0_Tx_Warning_IRQHandler
                0x00000dec        0x8 ./startup/startup_mk64f12.o
                0x00000dec                CAN0_Tx_Warning_IRQHandler
 .text.CAN0_Rx_Warning_IRQHandler
                0x00000df4        0x8 ./startup/startup_mk64f12.o
                0x00000df4                CAN0_Rx_Warning_IRQHandler
 .text.CAN0_Wake_Up_IRQHandler
                0x00000dfc        0x8 ./startup/startup_mk64f12.o
                0x00000dfc                CAN0_Wake_Up_IRQHandler
 .text.SDHC_IRQHandler
                0x00000e04        0x8 ./startup/startup_mk64f12.o
                0x00000e04                SDHC_IRQHandler
 .text.ENET_1588_Timer_IRQHandler
                0x00000e0c        0x8 ./startup/startup_mk64f12.o
                0x00000e0c                ENET_1588_Timer_IRQHandler
 .text.ENET_Transmit_IRQHandler
                0x00000e14        0x8 ./startup/startup_mk64f12.o
                0x00000e14                ENET_Transmit_IRQHandler
 .text.ENET_Receive_IRQHandler
                0x00000e1c        0x8 ./startup/startup_mk64f12.o
                0x00000e1c                ENET_Receive_IRQHandler
 .text.ENET_Error_IRQHandler
                0x00000e24        0x8 ./startup/startup_mk64f12.o
                0x00000e24                ENET_Error_IRQHandler
 .text.usertask
                0x00000e2c       0x34 ./source/ContextSwitch-2.o
                0x00000e2c                usertask
 .text.main     0x00000e60       0x7c ./source/ContextSwitch-2.o
                0x00000e60                main
 .text.SVC_Handler
                0x00000edc       0x14 ./source/context_switch.o
                0x00000edc                SVC_Handler
 .text.activate
                0x00000ef0       0x3a ./source/context_switch.o
                0x00000ef0                activate
 .text.HardFault_Handler
                0x00000f2a       0x2a ./source/semihost_hardfault.o
                0x00000f2a                HardFault_Handler
 .text.syscall  0x00000f54       0x16 ./source/syscall.o
                0x00000f54                syscall
 *fill*         0x00000f6a        0x2 ff
 .text.CLOCK_SetEr32kClock
                0x00000f6c       0x30 ./drivers/fsl_clock.o
 .text.CLOCK_SetPllFllSelClock
                0x00000f9c       0x3c ./drivers/fsl_clock.o
 .text.OSC_SetExtRefClkConfig
                0x00000fd8       0x34 ./drivers/fsl_clock.o
 .text.OSC_SetCapLoad
                0x0000100c       0x34 ./drivers/fsl_clock.o
 .text.CLOCK_GetMcgExtClkFreq
                0x00001040       0x78 ./drivers/fsl_clock.o
 .text.CLOCK_GetFllExtRefClkFreq
                0x000010b8       0xcc ./drivers/fsl_clock.o
 .text.CLOCK_GetInternalRefClkSelectFreq
                0x00001184       0x44 ./drivers/fsl_clock.o
 .text.CLOCK_GetFllRefClkFreq
                0x000011c8       0x2c ./drivers/fsl_clock.o
 .text.CLOCK_GetPll0RefFreq
                0x000011f4        0xe ./drivers/fsl_clock.o
 *fill*         0x00001202        0x2 ff
 .text.CLOCK_GetOscRangeFromFreq
                0x00001204       0x3c ./drivers/fsl_clock.o
 .text.CLOCK_GetCoreSysClkFreq
                0x00001240       0x28 ./drivers/fsl_clock.o
                0x00001240                CLOCK_GetCoreSysClkFreq
 .text.CLOCK_SetSimConfig
                0x00001268       0x38 ./drivers/fsl_clock.o
                0x00001268                CLOCK_SetSimConfig
 .text.CLOCK_GetOutClkFreq
                0x000012a0       0x64 ./drivers/fsl_clock.o
                0x000012a0                CLOCK_GetOutClkFreq
 .text.CLOCK_GetFllFreq
                0x00001304       0x7c ./drivers/fsl_clock.o
                0x00001304                CLOCK_GetFllFreq
 .text.CLOCK_GetPll0Freq
                0x00001380       0x68 ./drivers/fsl_clock.o
                0x00001380                CLOCK_GetPll0Freq
 .text.CLOCK_SetExternalRefClkConfig
                0x000013e8       0x6c ./drivers/fsl_clock.o
                0x000013e8                CLOCK_SetExternalRefClkConfig
 .text.CLOCK_SetInternalRefClkConfig
                0x00001454      0x104 ./drivers/fsl_clock.o
                0x00001454                CLOCK_SetInternalRefClkConfig
 .text.CLOCK_EnablePll0
                0x00001558       0x84 ./drivers/fsl_clock.o
                0x00001558                CLOCK_EnablePll0
 .text.CLOCK_InitOsc0
                0x000015dc       0x8c ./drivers/fsl_clock.o
                0x000015dc                CLOCK_InitOsc0
 .text.CLOCK_SetPbeMode
                0x00001668       0xa8 ./drivers/fsl_clock.o
                0x00001668                CLOCK_SetPbeMode
 .text.CLOCK_BootToPeeMode
                0x00001710       0x64 ./drivers/fsl_clock.o
                0x00001710                CLOCK_BootToPeeMode
 .text.CLOCK_EnableClock
                0x00001774       0x36 ./drivers/fsl_uart.o
 *fill*         0x000017aa        0x2 ff
 .text.UART_GetInstance
                0x000017ac       0x54 ./drivers/fsl_uart.o
                0x000017ac                UART_GetInstance
 .text.UART_Init
                0x00001800      0x2d8 ./drivers/fsl_uart.o
                0x00001800                UART_Init
 .text.UART_GetDefaultConfig
                0x00001ad8       0x60 ./drivers/fsl_uart.o
                0x00001ad8                UART_GetDefaultConfig
 .text.UART_GetStatusFlags
                0x00001b38       0x46 ./drivers/fsl_uart.o
                0x00001b38                UART_GetStatusFlags
 .text.UART_WriteBlocking
                0x00001b7e       0x3e ./drivers/fsl_uart.o
                0x00001b7e                UART_WriteBlocking
 .text.UART_ReadBlocking
                0x00001bbc       0x90 ./drivers/fsl_uart.o
                0x00001bbc                UART_ReadBlocking
 .text.UART0_DriverIRQHandler
                0x00001c4c       0x28 ./drivers/fsl_uart.o
                0x00001c4c                UART0_DriverIRQHandler
 .text.UART0_RX_TX_DriverIRQHandler
                0x00001c74       0x10 ./drivers/fsl_uart.o
                0x00001c74                UART0_RX_TX_DriverIRQHandler
 .text.UART1_DriverIRQHandler
                0x00001c84       0x28 ./drivers/fsl_uart.o
                0x00001c84                UART1_DriverIRQHandler
 .text.UART1_RX_TX_DriverIRQHandler
                0x00001cac       0x10 ./drivers/fsl_uart.o
                0x00001cac                UART1_RX_TX_DriverIRQHandler
 .text.UART2_DriverIRQHandler
                0x00001cbc       0x28 ./drivers/fsl_uart.o
                0x00001cbc                UART2_DriverIRQHandler
 .text.UART2_RX_TX_DriverIRQHandler
                0x00001ce4       0x10 ./drivers/fsl_uart.o
                0x00001ce4                UART2_RX_TX_DriverIRQHandler
 .text.UART3_DriverIRQHandler
                0x00001cf4       0x28 ./drivers/fsl_uart.o
                0x00001cf4                UART3_DriverIRQHandler
 .text.UART3_RX_TX_DriverIRQHandler
                0x00001d1c       0x10 ./drivers/fsl_uart.o
                0x00001d1c                UART3_RX_TX_DriverIRQHandler
 .text.UART4_DriverIRQHandler
                0x00001d2c       0x28 ./drivers/fsl_uart.o
                0x00001d2c                UART4_DriverIRQHandler
 .text.UART4_RX_TX_DriverIRQHandler
                0x00001d54       0x10 ./drivers/fsl_uart.o
                0x00001d54                UART4_RX_TX_DriverIRQHandler
 .text.UART5_DriverIRQHandler
                0x00001d64       0x28 ./drivers/fsl_uart.o
                0x00001d64                UART5_DriverIRQHandler
 .text.UART5_RX_TX_DriverIRQHandler
                0x00001d8c       0x10 ./drivers/fsl_uart.o
                0x00001d8c                UART5_RX_TX_DriverIRQHandler
 .text.BOARD_InitDebugConsole
                0x00001d9c       0x28 ./board/board.o
                0x00001d9c                BOARD_InitDebugConsole
 .text.CLOCK_SetSimSafeDivs
                0x00001dc4       0x20 ./board/clock_config.o
 .text.CLOCK_SetXtal0Freq
                0x00001de4       0x20 ./board/clock_config.o
 .text.CLOCK_CONFIG_SetFllExtRefDiv
                0x00001e04       0x3c ./board/clock_config.o
 .text.BOARD_BootClockRUN
                0x00001e40       0x60 ./board/clock_config.o
                0x00001e40                BOARD_BootClockRUN
 .text.CLOCK_EnableClock
                0x00001ea0       0x36 ./board/pin_mux.o
 .text.PORT_SetPinMux
                0x00001ed6       0x3a ./board/pin_mux.o
 .text.BOARD_InitPins
                0x00001f10       0x48 ./board/pin_mux.o
                0x00001f10                BOARD_InitPins
 .text.SystemInit
                0x00001f58       0x40 ./CMSIS/system_MK64F12.o
                0x00001f58                SystemInit
 .text.__main   0x00001f98        0xe c:/nxp/mcuxpressoide_10.1.1_606/ide/tools/bin/../lib/gcc/arm-none-eabi/6.3.1/../../../../arm-none-eabi/lib/thumb/v7e-m/fpv4-sp/hard\libcr_nohost_nf.a(_cr__main.o)
                0x00001f98                __main
 *fill*         0x00001fa6        0x2 ff
 .text.__assertion_failed
                0x00001fa8       0x4c c:/nxp/mcuxpressoide_10.1.1_606/ide/tools/bin/../lib/gcc/arm-none-eabi/6.3.1/../../../../arm-none-eabi/lib/thumb/v7e-m/fpv4-sp/hard\libcr_nohost_nf.a(_cr_assert.o)
                0x00001fa8                __assertion_failed
 .text.__sys_appexit
                0x00001ff4        0x2 c:/nxp/mcuxpressoide_10.1.1_606/ide/tools/bin/../lib/gcc/arm-none-eabi/6.3.1/../../../../arm-none-eabi/lib/thumb/v7e-m/fpv4-sp/hard\libcr_nohost_nf.a(__sys_appexit.o)
                0x00001ff4                __sys_appexit
                0x00001ff4                __exit
 .text.memset   0x00001ff6        0x4 c:/nxp/mcuxpressoide_10.1.1_606/ide/tools/bin/../lib/gcc/arm-none-eabi/6.3.1/../../../../arm-none-eabi/lib/thumb/v7e-m/fpv4-sp/hard\libcr_c.a(memset.o)
                0x00001ff6                memset
 .text._deferredlazyseek
                0x00001ffa       0x40 c:/nxp/mcuxpressoide_10.1.1_606/ide/tools/bin/../lib/gcc/arm-none-eabi/6.3.1/../../../../arm-none-eabi/lib/thumb/v7e-m/fpv4-sp/hard\libcr_c.a(_deferredlazyseek.o)
                0x00001ffa                _deferredlazyseek
 .text.__flsbuf
                0x0000203a      0x148 c:/nxp/mcuxpressoide_10.1.1_606/ide/tools/bin/../lib/gcc/arm-none-eabi/6.3.1/../../../../arm-none-eabi/lib/thumb/v7e-m/fpv4-sp/hard\libcr_c.a(_deferredlazyseek.o)
                0x0000203a                __flsbuf
 .text._fflush  0x00002182       0x54 c:/nxp/mcuxpressoide_10.1.1_606/ide/tools/bin/../lib/gcc/arm-none-eabi/6.3.1/../../../../arm-none-eabi/lib/thumb/v7e-m/fpv4-sp/hard\libcr_c.a(_fflush.o)
                0x00002182                _fflush
 *fill*         0x000021d6        0x2 ff
 .text._Cwritebuf
                0x000021d8       0x6c c:/nxp/mcuxpressoide_10.1.1_606/ide/tools/bin/../lib/gcc/arm-none-eabi/6.3.1/../../../../arm-none-eabi/lib/thumb/v7e-m/fpv4-sp/hard\libcr_c.a(_writebuf.o)
                0x000021d8                _Cwritebuf
 .text.malloc   0x00002244       0xc4 c:/nxp/mcuxpressoide_10.1.1_606/ide/tools/bin/../lib/gcc/arm-none-eabi/6.3.1/../../../../arm-none-eabi/lib/thumb/v7e-m/fpv4-sp/hard\libcr_c.a(alloc.o)
                0x00002244                malloc
 .text.free     0x00002308       0x30 c:/nxp/mcuxpressoide_10.1.1_606/ide/tools/bin/../lib/gcc/arm-none-eabi/6.3.1/../../../../arm-none-eabi/lib/thumb/v7e-m/fpv4-sp/hard\libcr_c.a(alloc.o)
                0x00002308                free
 .text._Csys_alloc
                0x00002338       0x20 c:/nxp/mcuxpressoide_10.1.1_606/ide/tools/bin/../lib/gcc/arm-none-eabi/6.3.1/../../../../arm-none-eabi/lib/thumb/v7e-m/fpv4-sp/hard\libcr_c.a(alloc.o)
                0x00002338                _Csys_alloc
 .text.fputs    0x00002358       0x2c c:/nxp/mcuxpressoide_10.1.1_606/ide/tools/bin/../lib/gcc/arm-none-eabi/6.3.1/../../../../arm-none-eabi/lib/thumb/v7e-m/fpv4-sp/hard\libcr_c.a(fputs.o)
                0x00002358                fputs
 .text.fseek    0x00002384      0x100 c:/nxp/mcuxpressoide_10.1.1_606/ide/tools/bin/../lib/gcc/arm-none-eabi/6.3.1/../../../../arm-none-eabi/lib/thumb/v7e-m/fpv4-sp/hard\libcr_c.a(fseek.o)
                0x00002384                fseek
 .text.ftell    0x00002484       0x48 c:/nxp/mcuxpressoide_10.1.1_606/ide/tools/bin/../lib/gcc/arm-none-eabi/6.3.1/../../../../arm-none-eabi/lib/thumb/v7e-m/fpv4-sp/hard\libcr_c.a(ftell.o)
                0x00002484                ftell
 .text._initio  0x000024cc       0x78 c:/nxp/mcuxpressoide_10.1.1_606/ide/tools/bin/../lib/gcc/arm-none-eabi/6.3.1/../../../../arm-none-eabi/lib/thumb/v7e-m/fpv4-sp/hard\libcr_c.a(initio.o)
                0x000024cc                _initio
 .text.setvbuf  0x00002544       0x40 c:/nxp/mcuxpressoide_10.1.1_606/ide/tools/bin/../lib/gcc/arm-none-eabi/6.3.1/../../../../arm-none-eabi/lib/thumb/v7e-m/fpv4-sp/hard\libcr_c.a(setvbuf.o)
                0x00002544                setvbuf
 .text.strlen   0x00002584       0x4a c:/nxp/mcuxpressoide_10.1.1_606/ide/tools/bin/../lib/gcc/arm-none-eabi/6.3.1/../../../../arm-none-eabi/lib/thumb/v7e-m/fpv4-sp/hard\libcr_c.a(strlen.o)
                0x00002584                strlen
 *fill*         0x000025ce        0x2 ff
 .text._sbrk    0x000025d0       0x3c c:/nxp/mcuxpressoide_10.1.1_606/ide/tools/bin/../lib/gcc/arm-none-eabi/6.3.1/../../../../arm-none-eabi/lib/thumb/v7e-m/fpv4-sp/hard\libcr_c.a(_cr_sbrk.o)
                0x000025d0                _sbrk
 .text._fdopen  0x0000260c       0x68 c:/nxp/mcuxpressoide_10.1.1_606/ide/tools/bin/../lib/gcc/arm-none-eabi/6.3.1/../../../../arm-none-eabi/lib/thumb/v7e-m/fpv4-sp/hard\libcr_c.a(_fdopen.o)
                0x0000260c                _fdopen
 .text.fclose   0x00002674       0x58 c:/nxp/mcuxpressoide_10.1.1_606/ide/tools/bin/../lib/gcc/arm-none-eabi/6.3.1/../../../../arm-none-eabi/lib/thumb/v7e-m/fpv4-sp/hard\libcr_c.a(fclose.o)
                0x00002674                fclose
 .text.fflush   0x000026cc       0x44 c:/nxp/mcuxpressoide_10.1.1_606/ide/tools/bin/../lib/gcc/arm-none-eabi/6.3.1/../../../../arm-none-eabi/lib/thumb/v7e-m/fpv4-sp/hard\libcr_c.a(fflush.o)
                0x000026cc                fflush
 .text.remove   0x00002710       0x14 c:/nxp/mcuxpressoide_10.1.1_606/ide/tools/bin/../lib/gcc/arm-none-eabi/6.3.1/../../../../arm-none-eabi/lib/thumb/v7e-m/fpv4-sp/hard\libcr_c.a(remove.o)
                0x00002710                remove
 .text.__check_heap_overflow
                0x00002724       0x18 c:/nxp/mcuxpressoide_10.1.1_606/ide/tools/bin/../lib/gcc/arm-none-eabi/6.3.1/../../../../arm-none-eabi/lib/thumb/v7e-m/fpv4-sp/hard\libcr_c.a(_cr_check_heap.o)
                0x00002724                __check_heap_overflow
 .text._do_fflush
                0x0000273c       0x40 c:/nxp/mcuxpressoide_10.1.1_606/ide/tools/bin/../lib/gcc/arm-none-eabi/6.3.1/../../../../arm-none-eabi/lib/thumb/v7e-m/fpv4-sp/hard\libcr_c.a(_do_fflush.o)
                0x0000273c                _do_fflush
 .text.__aeabi_memset_lowlevel
                0x0000277c       0x32 c:/nxp/mcuxpressoide_10.1.1_606/ide/tools/bin/../lib/gcc/arm-none-eabi/6.3.1/thumb/v7e-m/fpv4-sp/hard\libcr_eabihelpers.a(memcpy.o)
                0x0000277c                __aeabi_lowlevel_memset
 .text.__sys_close
                0x000027ae        0x6 c:/nxp/mcuxpressoide_10.1.1_606/ide/tools/bin/../lib/gcc/arm-none-eabi/6.3.1/../../../../arm-none-eabi/lib/thumb/v7e-m/fpv4-sp/hard\libcr_nohost_nf.a(__sys_close.o)
                0x000027ae                __sys_close
 .text.__sys_flen
                0x000027b4        0x6 c:/nxp/mcuxpressoide_10.1.1_606/ide/tools/bin/../lib/gcc/arm-none-eabi/6.3.1/../../../../arm-none-eabi/lib/thumb/v7e-m/fpv4-sp/hard\libcr_nohost_nf.a(__sys_flen.o)
                0x000027b4                __sys_flen
 .text.__sys_istty
                0x000027ba        0x6 c:/nxp/mcuxpressoide_10.1.1_606/ide/tools/bin/../lib/gcc/arm-none-eabi/6.3.1/../../../../arm-none-eabi/lib/thumb/v7e-m/fpv4-sp/hard\libcr_nohost_nf.a(__sys_istty.o)
                0x000027ba                __sys_istty
 .text.__sys_remove
                0x000027c0        0x6 c:/nxp/mcuxpressoide_10.1.1_606/ide/tools/bin/../lib/gcc/arm-none-eabi/6.3.1/../../../../arm-none-eabi/lib/thumb/v7e-m/fpv4-sp/hard\libcr_nohost_nf.a(__sys_remove.o)
                0x000027c0                __sys_remove
 .text.__sys_seek
                0x000027c6        0x6 c:/nxp/mcuxpressoide_10.1.1_606/ide/tools/bin/../lib/gcc/arm-none-eabi/6.3.1/../../../../arm-none-eabi/lib/thumb/v7e-m/fpv4-sp/hard\libcr_nohost_nf.a(__sys_seek.o)
                0x000027c6                __sys_seek
 .text.__sys_tmpnam
                0x000027cc        0x6 c:/nxp/mcuxpressoide_10.1.1_606/ide/tools/bin/../lib/gcc/arm-none-eabi/6.3.1/../../../../arm-none-eabi/lib/thumb/v7e-m/fpv4-sp/hard\libcr_nohost_nf.a(__sys_tmpnam.o)
                0x000027cc                __sys_tmpnam
 .text.__sys_write
                0x000027d2        0x4 c:/nxp/mcuxpressoide_10.1.1_606/ide/tools/bin/../lib/gcc/arm-none-eabi/6.3.1/../../../../arm-none-eabi/lib/thumb/v7e-m/fpv4-sp/hard\libcr_nohost_nf.a(__sys_write.o)
                0x000027d2                __sys_write
 *(.rodata .rodata.* .constdata .constdata.*)
 *fill*         0x000027d6        0x2 ff
 .rodata        0x000027d8       0x50 ./utilities/fsl_debug_console.o
 .rodata        0x00002828       0x27 ./utilities/fsl_io.o
 *fill*         0x0000284f        0x1 ff
 .rodata        0x00002850       0x80 ./utilities/fsl_log.o
 .rodata        0x000028d0      0x114 ./source/ContextSwitch-2.o
 .rodata        0x000029e4      0x149 ./drivers/fsl_clock.o
 *fill*         0x00002b2d        0x3 ff
 .rodata.fllFactorTable.7491
                0x00002b30       0x10 ./drivers/fsl_clock.o
 .rodata.s_uartBases
                0x00002b40       0x18 ./drivers/fsl_uart.o
 .rodata.s_uartClock
                0x00002b58       0x18 ./drivers/fsl_uart.o
 .rodata        0x00002b70      0x513 ./drivers/fsl_uart.o
 *fill*         0x00003083        0x1 ff
 .rodata.mcgConfig_BOARD_BootClockRUN
                0x00003084        0xb ./board/clock_config.o
                0x00003084                mcgConfig_BOARD_BootClockRUN
 *fill*         0x0000308f        0x1 ff
 .rodata.simConfig_BOARD_BootClockRUN
                0x00003090        0x8 ./board/clock_config.o
                0x00003090                simConfig_BOARD_BootClockRUN
 .rodata.oscConfig_BOARD_BootClockRUN
                0x00003098        0x8 ./board/clock_config.o
                0x00003098                oscConfig_BOARD_BootClockRUN
 .rodata.__assertion_failed.str1.1
                0x000030a0       0x15 c:/nxp/mcuxpressoide_10.1.1_606/ide/tools/bin/../lib/gcc/arm-none-eabi/6.3.1/../../../../arm-none-eabi/lib/thumb/v7e-m/fpv4-sp/hard\libcr_nohost_nf.a(_cr_assert.o)
 *fill*         0x000030b5        0x3 ff
 .rodata.__num_Ciob_streams
                0x000030b8        0x4 c:/nxp/mcuxpressoide_10.1.1_606/ide/tools/bin/../lib/gcc/arm-none-eabi/6.3.1/../../../../arm-none-eabi/lib/thumb/v7e-m/fpv4-sp/hard\libcr_nohost_nf.a(__ciob.o)
                0x000030b8                __num_Ciob_streams
 .rodata._Csys_alloc.str1.1
                0x000030bc       0x18 c:/nxp/mcuxpressoide_10.1.1_606/ide/tools/bin/../lib/gcc/arm-none-eabi/6.3.1/../../../../arm-none-eabi/lib/thumb/v7e-m/fpv4-sp/hard\libcr_c.a(alloc.o)
 .rodata._initio.str1.1
                0x000030d4        0x4 c:/nxp/mcuxpressoide_10.1.1_606/ide/tools/bin/../lib/gcc/arm-none-eabi/6.3.1/../../../../arm-none-eabi/lib/thumb/v7e-m/fpv4-sp/hard\libcr_c.a(initio.o)
                0x000030d8                . = ALIGN (0x4)

.glue_7         0x000030d8        0x0
 .glue_7        0x000030d8        0x0 linker stubs

.glue_7t        0x000030d8        0x0
 .glue_7t       0x000030d8        0x0 linker stubs

.vfp11_veneer   0x000030d8        0x0
 .vfp11_veneer  0x000030d8        0x0 linker stubs

.v4_bx          0x000030d8        0x0
 .v4_bx         0x000030d8        0x0 linker stubs

.iplt           0x000030d8        0x0
 .iplt          0x000030d8        0x0 ./utilities/fsl_assert.o

.rel.dyn        0x000030d8        0x0
 .rel.iplt      0x000030d8        0x0 ./utilities/fsl_assert.o

.ARM.extab
 *(.ARM.extab* .gnu.linkonce.armextab.*)
                0x000030d8                __exidx_start = .

.ARM.exidx
 *(.ARM.exidx* .gnu.linkonce.armexidx.*)
                0x000030d8                __exidx_end = .
                0x000030d8                _etext = .

.m_usb_data
 *(m_usb_bdt)

.data_RAM2      0x1fff0000        0x0 load address 0x000030d8
 FILL mask 0xff
                [!provide]                PROVIDE (__start_data_RAM2, .)
 *(.ramfunc.$RAM2)
 *(.ramfunc.$SRAM_LOWER)
 *(.data.$RAM2*)
 *(.data.$SRAM_LOWER*)
                0x1fff0000                . = ALIGN (0x4)
                [!provide]                PROVIDE (__end_data_RAM2, .)

.data_RAM3      0x14000000        0x0 load address 0x000030d8
 FILL mask 0xff
                [!provide]                PROVIDE (__start_data_RAM3, .)
 *(.ramfunc.$RAM3)
 *(.ramfunc.$FLEX_RAM)
 *(.data.$RAM3*)
 *(.data.$FLEX_RAM*)
                0x14000000                . = ALIGN (0x4)
                [!provide]                PROVIDE (__end_data_RAM3, .)

.uninit_RESERVED
                0x20000000        0x0
 *(.bss.$RESERVED*)
                0x20000000                . = ALIGN (0x4)
                0x20000000                _end_uninit_RESERVED = .

.data           0x20000000       0x10 load address 0x000030d8
 FILL mask 0xff
                0x20000000                _data = .
 *(vtable)
 *(.ramfunc*)
 *(.data*)
 .data.usertask_stack_start
                0x20000000        0x4 ./source/ContextSwitch-2.o
                0x20000000                usertask_stack_start
 .data.s_slowIrcFreq
                0x20000004        0x4 ./drivers/fsl_clock.o
 .data.s_fastIrcFreq
                0x20000008        0x4 ./drivers/fsl_clock.o
 .data.SystemCoreClock
                0x2000000c        0x4 ./CMSIS/system_MK64F12.o
                0x2000000c                SystemCoreClock
                0x20000010                . = ALIGN (0x4)
                0x20000010                _edata = .

.igot.plt       0x20000010        0x0 load address 0x000030e8
 .igot.plt      0x20000010        0x0 ./utilities/fsl_assert.o

.bss_RAM2       0x1fff0000        0x0
                [!provide]                PROVIDE (__start_bss_RAM2, .)
 *(.bss.$RAM2*)
 *(.bss.$SRAM_LOWER*)
                0x1fff0000                . = ALIGN ((. != 0x0)?0x4:0x1)
                [!provide]                PROVIDE (__end_bss_RAM2, .)

.bss_RAM3       0x14000000        0x0
                [!provide]                PROVIDE (__start_bss_RAM3, .)
 *(.bss.$RAM3*)
 *(.bss.$FLEX_RAM*)
                0x14000000                . = ALIGN ((. != 0x0)?0x4:0x1)
                [!provide]                PROVIDE (__end_bss_RAM3, .)

.bss            0x20000010      0x4ec
                0x20000010                _bss = .
 *(.bss*)
 .bss.s_debugConsoleIO
                0x20000010        0x8 ./utilities/fsl_io.o
 .bss.usertask_stack
                0x20000018      0x400 ./source/ContextSwitch-2.o
                0x20000018                usertask_stack
 .bss.g_xtal0Freq
                0x20000418        0x4 ./drivers/fsl_clock.o
                0x20000418                g_xtal0Freq
 .bss.g_xtal32Freq
                0x2000041c        0x4 ./drivers/fsl_clock.o
                0x2000041c                g_xtal32Freq
 .bss.s_uartHandle
                0x20000420       0x18 ./drivers/fsl_uart.o
 .bss.s_uartIsr
                0x20000438        0x4 ./drivers/fsl_uart.o
 .bss.__Ciob    0x2000043c       0xb4 c:/nxp/mcuxpressoide_10.1.1_606/ide/tools/bin/../lib/gcc/arm-none-eabi/6.3.1/../../../../arm-none-eabi/lib/thumb/v7e-m/fpv4-sp/hard\libcr_nohost_nf.a(__ciob.o)
                0x2000043c                __Ciob
 .bss.__end_of_heap
                0x200004f0        0x4 c:/nxp/mcuxpressoide_10.1.1_606/ide/tools/bin/../lib/gcc/arm-none-eabi/6.3.1/../../../../arm-none-eabi/lib/thumb/v7e-m/fpv4-sp/hard\libcr_c.a(__init_alloc.o)
                0x200004f0                __end_of_heap
 .bss.__heaps   0x200004f4        0x4 c:/nxp/mcuxpressoide_10.1.1_606/ide/tools/bin/../lib/gcc/arm-none-eabi/6.3.1/../../../../arm-none-eabi/lib/thumb/v7e-m/fpv4-sp/hard\libcr_c.a(__init_alloc.o)
                0x200004f4                __heaps
 .bss.errno     0x200004f8        0x4 c:/nxp/mcuxpressoide_10.1.1_606/ide/tools/bin/../lib/gcc/arm-none-eabi/6.3.1/../../../../arm-none-eabi/lib/thumb/v7e-m/fpv4-sp/hard\libcr_c.a(errno.o)
                0x200004f8                errno
 *(COMMON)
                0x200004fc                . = ALIGN (0x4)
                0x200004fc                _ebss = .
                [!provide]                PROVIDE (end, .)

.noinit_RAM2    0x1fff0000        0x0
 *(.noinit.$RAM2*)
 *(.noinit.$SRAM_LOWER*)
                0x1fff0000                . = ALIGN (0x4)

.noinit_RAM3    0x14000000        0x0
 *(.noinit.$RAM3*)
 *(.noinit.$FLEX_RAM*)
                0x14000000                . = ALIGN (0x4)

.noinit         0x200004fc        0x0
                0x200004fc                _noinit = .
 *(.noinit*)
                0x200004fc                . = ALIGN (0x4)
                0x200004fc                _end_noinit = .
                0x00001000                _HeapSize = 0x1000

.heap           0x200004fc     0x1000
                0x200004fc                _pvHeapStart = .
                0x200014fc                . = (. + _HeapSize)
 *fill*         0x200004fc     0x1000 
                0x200014fc                . = ALIGN (0x4)
                0x200014fc                _pvHeapLimit = .
                0x00001000                _StackSize = 0x1000

.heap2stackfill
                0x200014fc     0x1000
                0x200024fc                . = (. + _StackSize)
 *fill*         0x200014fc     0x1000 

.stack          0x2002f000        0x0
                0x2002f000                _vStackBase = .
                0x2002f000                . = ALIGN (0x4)
                0x20030000                _vStackTop = (. + _StackSize)
                0x00000000                _image_start = LOADADDR (.text)
                0x000030e8                _image_end = (LOADADDR (.data) + SIZEOF (.data))
                0x000030e8                _image_size = (_image_end - _image_start)
OUTPUT(frdmk64f_demo_apps_ContextSwitch-2.axf elf32-littlearm)

.debug_info     0x00000000     0x78ff
 .debug_info    0x00000000      0x376 ./utilities/fsl_debug_console.o
 .debug_info    0x00000376      0x81a ./utilities/fsl_io.o
 .debug_info    0x00000b90      0x33c ./utilities/fsl_log.o
 .debug_info    0x00000ecc      0x536 ./utilities/fsl_str.o
 .debug_info    0x00001402      0x8a1 ./startup/startup_mk64f12.o
 .debug_info    0x00001ca3      0x611 ./source/ContextSwitch-2.o
 .debug_info    0x000022b4       0x6c ./source/context_switch.o
 .debug_info    0x00002320       0x37 ./source/semihost_hardfault.o
 .debug_info    0x00002357       0x37 ./source/syscall.o
 .debug_info    0x0000238e     0x1e85 ./drivers/fsl_clock.o
 .debug_info    0x00004213     0x19d1 ./drivers/fsl_uart.o
 .debug_info    0x00005be4      0x610 ./board/board.o
 .debug_info    0x000061f4      0xa97 ./board/clock_config.o
 .debug_info    0x00006c8b      0x652 ./board/pin_mux.o
 .debug_info    0x000072dd      0x622 ./CMSIS/system_MK64F12.o

.debug_abbrev   0x00000000     0x15dd
 .debug_abbrev  0x00000000      0x174 ./utilities/fsl_debug_console.o
 .debug_abbrev  0x00000174      0x21b ./utilities/fsl_io.o
 .debug_abbrev  0x0000038f      0x17b ./utilities/fsl_log.o
 .debug_abbrev  0x0000050a      0x192 ./utilities/fsl_str.o
 .debug_abbrev  0x0000069c      0x159 ./startup/startup_mk64f12.o
 .debug_abbrev  0x000007f5      0x136 ./source/ContextSwitch-2.o
 .debug_abbrev  0x0000092b       0x6b ./source/context_switch.o
 .debug_abbrev  0x00000996       0x2c ./source/semihost_hardfault.o
 .debug_abbrev  0x000009c2       0x2c ./source/syscall.o
 .debug_abbrev  0x000009ee      0x302 ./drivers/fsl_clock.o
 .debug_abbrev  0x00000cf0      0x2fc ./drivers/fsl_uart.o
 .debug_abbrev  0x00000fec      0x139 ./board/board.o
 .debug_abbrev  0x00001125      0x1ed ./board/clock_config.o
 .debug_abbrev  0x00001312      0x192 ./board/pin_mux.o
 .debug_abbrev  0x000014a4      0x139 ./CMSIS/system_MK64F12.o

.debug_aranges  0x00000000      0x908
 .debug_aranges
                0x00000000       0x58 ./utilities/fsl_debug_console.o
 .debug_aranges
                0x00000058       0x48 ./utilities/fsl_io.o
 .debug_aranges
                0x000000a0       0x58 ./utilities/fsl_log.o
 .debug_aranges
                0x000000f8       0x38 ./utilities/fsl_str.o
 .debug_aranges
                0x00000130      0x328 ./startup/startup_mk64f12.o
 .debug_aranges
                0x00000458       0x28 ./source/ContextSwitch-2.o
 .debug_aranges
                0x00000480       0x28 ./source/context_switch.o
 .debug_aranges
                0x000004a8       0x20 ./source/semihost_hardfault.o
 .debug_aranges
                0x000004c8       0x20 ./source/syscall.o
 .debug_aranges
                0x000004e8      0x1e8 ./drivers/fsl_clock.o
 .debug_aranges
                0x000006d0      0x170 ./drivers/fsl_uart.o
 .debug_aranges
                0x00000840       0x20 ./board/board.o
 .debug_aranges
                0x00000860       0x50 ./board/clock_config.o
 .debug_aranges
                0x000008b0       0x30 ./board/pin_mux.o
 .debug_aranges
                0x000008e0       0x28 ./CMSIS/system_MK64F12.o

.debug_ranges   0x00000000      0x818
 .debug_ranges  0x00000000       0x48 ./utilities/fsl_debug_console.o
 .debug_ranges  0x00000048       0x38 ./utilities/fsl_io.o
 .debug_ranges  0x00000080       0x48 ./utilities/fsl_log.o
 .debug_ranges  0x000000c8       0x28 ./utilities/fsl_str.o
 .debug_ranges  0x000000f0      0x318 ./startup/startup_mk64f12.o
 .debug_ranges  0x00000408       0x18 ./source/ContextSwitch-2.o
 .debug_ranges  0x00000420       0x18 ./source/context_switch.o
 .debug_ranges  0x00000438       0x10 ./source/semihost_hardfault.o
 .debug_ranges  0x00000448       0x10 ./source/syscall.o
 .debug_ranges  0x00000458      0x1d8 ./drivers/fsl_clock.o
 .debug_ranges  0x00000630      0x160 ./drivers/fsl_uart.o
 .debug_ranges  0x00000790       0x10 ./board/board.o
 .debug_ranges  0x000007a0       0x40 ./board/clock_config.o
 .debug_ranges  0x000007e0       0x20 ./board/pin_mux.o
 .debug_ranges  0x00000800       0x18 ./CMSIS/system_MK64F12.o

.debug_line     0x00000000     0x32aa
 .debug_line    0x00000000      0x2c4 ./utilities/fsl_debug_console.o
 .debug_line    0x000002c4      0x2c3 ./utilities/fsl_io.o
 .debug_line    0x00000587      0x2cf ./utilities/fsl_log.o
 .debug_line    0x00000856      0x4e1 ./utilities/fsl_str.o
 .debug_line    0x00000d37      0x67d ./startup/startup_mk64f12.o
 .debug_line    0x000013b4      0x299 ./source/ContextSwitch-2.o
 .debug_line    0x0000164d       0x6a ./source/context_switch.o
 .debug_line    0x000016b7       0x54 ./source/semihost_hardfault.o
 .debug_line    0x0000170b       0x46 ./source/syscall.o
 .debug_line    0x00001751      0x983 ./drivers/fsl_clock.o
 .debug_line    0x000020d4      0x998 ./drivers/fsl_uart.o
 .debug_line    0x00002a6c      0x1fa ./board/board.o
 .debug_line    0x00002c66      0x2a8 ./board/clock_config.o
 .debug_line    0x00002f0e      0x226 ./board/pin_mux.o
 .debug_line    0x00003134      0x176 ./CMSIS/system_MK64F12.o

.debug_str      0x00000000     0x41dd
 .debug_str     0x00000000      0x3e8 ./utilities/fsl_debug_console.o
                                0x41f (size before relaxing)
 .debug_str     0x000003e8      0x9d5 ./utilities/fsl_io.o
                                0xcf9 (size before relaxing)
 .debug_str     0x00000dbd       0x85 ./utilities/fsl_log.o
                                0x3cd (size before relaxing)
 .debug_str     0x00000e42      0x1d9 ./utilities/fsl_str.o
                                0x463 (size before relaxing)
 .debug_str     0x0000101b      0x7e1 ./startup/startup_mk64f12.o
                                0x956 (size before relaxing)
 .debug_str     0x000017fc      0x3e3 ./source/ContextSwitch-2.o
                                0xb93 (size before relaxing)
 .debug_str     0x00001bdf       0x30 ./source/context_switch.o
                                0x18d (size before relaxing)
 .debug_str     0x00001c0f       0x1f ./source/semihost_hardfault.o
                                0x17b (size before relaxing)
 .debug_str     0x00001c2e       0x1c ./source/syscall.o
                                0x166 (size before relaxing)
 .debug_str     0x00001c4a     0x11a2 ./drivers/fsl_clock.o
                               0x1d1f (size before relaxing)
 .debug_str     0x00002dec      0xf33 ./drivers/fsl_uart.o
                               0x1e7b (size before relaxing)
 .debug_str     0x00003d1f       0x37 ./board/board.o
                                0x6d0 (size before relaxing)
 .debug_str     0x00003d56      0x222 ./board/clock_config.o
                                0xee4 (size before relaxing)
 .debug_str     0x00003f78      0x164 ./board/pin_mux.o
                                0x72a (size before relaxing)
 .debug_str     0x000040dc      0x101 ./CMSIS/system_MK64F12.o
                                0x41e (size before relaxing)

.comment        0x00000000       0x7f
 .comment       0x00000000       0x7f ./utilities/fsl_debug_console.o
                                 0x80 (size before relaxing)
 .comment       0x0000007f       0x80 ./utilities/fsl_io.o
 .comment       0x0000007f       0x80 ./utilities/fsl_log.o
 .comment       0x0000007f       0x80 ./utilities/fsl_str.o
 .comment       0x0000007f       0x80 ./startup/startup_mk64f12.o
 .comment       0x0000007f       0x80 ./source/ContextSwitch-2.o
 .comment       0x0000007f       0x80 ./source/context_switch.o
 .comment       0x0000007f       0x80 ./source/semihost_hardfault.o
 .comment       0x0000007f       0x80 ./source/syscall.o
 .comment       0x0000007f       0x80 ./drivers/fsl_clock.o
 .comment       0x0000007f       0x80 ./drivers/fsl_uart.o
 .comment       0x0000007f       0x80 ./board/board.o
 .comment       0x0000007f       0x80 ./board/clock_config.o
 .comment       0x0000007f       0x80 ./board/pin_mux.o
 .comment       0x0000007f       0x80 ./CMSIS/system_MK64F12.o
 .comment       0x0000007f       0x80 c:/nxp/mcuxpressoide_10.1.1_606/ide/tools/bin/../lib/gcc/arm-none-eabi/6.3.1/../../../../arm-none-eabi/lib/thumb/v7e-m/fpv4-sp/hard\libcr_nohost_nf.a(_cr__main.o)
 .comment       0x0000007f       0x80 c:/nxp/mcuxpressoide_10.1.1_606/ide/tools/bin/../lib/gcc/arm-none-eabi/6.3.1/../../../../arm-none-eabi/lib/thumb/v7e-m/fpv4-sp/hard\libcr_nohost_nf.a(_cr_assert.o)
 .comment       0x0000007f       0x80 c:/nxp/mcuxpressoide_10.1.1_606/ide/tools/bin/../lib/gcc/arm-none-eabi/6.3.1/../../../../arm-none-eabi/lib/thumb/v7e-m/fpv4-sp/hard\libcr_nohost_nf.a(__ciob.o)
 .comment       0x0000007f       0x80 c:/nxp/mcuxpressoide_10.1.1_606/ide/tools/bin/../lib/gcc/arm-none-eabi/6.3.1/../../../../arm-none-eabi/lib/thumb/v7e-m/fpv4-sp/hard\libcr_nohost_nf.a(__sys_appexit.o)
 .comment       0x0000007f       0x80 c:/nxp/mcuxpressoide_10.1.1_606/ide/tools/bin/../lib/gcc/arm-none-eabi/6.3.1/../../../../arm-none-eabi/lib/thumb/v7e-m/fpv4-sp/hard\libcr_c.a(memset.o)
 .comment       0x0000007f       0x80 c:/nxp/mcuxpressoide_10.1.1_606/ide/tools/bin/../lib/gcc/arm-none-eabi/6.3.1/../../../../arm-none-eabi/lib/thumb/v7e-m/fpv4-sp/hard\libcr_c.a(_deferredlazyseek.o)
 .comment       0x0000007f       0x80 c:/nxp/mcuxpressoide_10.1.1_606/ide/tools/bin/../lib/gcc/arm-none-eabi/6.3.1/../../../../arm-none-eabi/lib/thumb/v7e-m/fpv4-sp/hard\libcr_c.a(_fflush.o)
 .comment       0x0000007f       0x80 c:/nxp/mcuxpressoide_10.1.1_606/ide/tools/bin/../lib/gcc/arm-none-eabi/6.3.1/../../../../arm-none-eabi/lib/thumb/v7e-m/fpv4-sp/hard\libcr_c.a(_writebuf.o)
 .comment       0x0000007f       0x80 c:/nxp/mcuxpressoide_10.1.1_606/ide/tools/bin/../lib/gcc/arm-none-eabi/6.3.1/../../../../arm-none-eabi/lib/thumb/v7e-m/fpv4-sp/hard\libcr_c.a(alloc.o)
 .comment       0x0000007f       0x80 c:/nxp/mcuxpressoide_10.1.1_606/ide/tools/bin/../lib/gcc/arm-none-eabi/6.3.1/../../../../arm-none-eabi/lib/thumb/v7e-m/fpv4-sp/hard\libcr_c.a(fputs.o)
 .comment       0x0000007f       0x80 c:/nxp/mcuxpressoide_10.1.1_606/ide/tools/bin/../lib/gcc/arm-none-eabi/6.3.1/../../../../arm-none-eabi/lib/thumb/v7e-m/fpv4-sp/hard\libcr_c.a(fseek.o)
 .comment       0x0000007f       0x80 c:/nxp/mcuxpressoide_10.1.1_606/ide/tools/bin/../lib/gcc/arm-none-eabi/6.3.1/../../../../arm-none-eabi/lib/thumb/v7e-m/fpv4-sp/hard\libcr_c.a(ftell.o)
 .comment       0x0000007f       0x80 c:/nxp/mcuxpressoide_10.1.1_606/ide/tools/bin/../lib/gcc/arm-none-eabi/6.3.1/../../../../arm-none-eabi/lib/thumb/v7e-m/fpv4-sp/hard\libcr_c.a(initio.o)
 .comment       0x0000007f       0x80 c:/nxp/mcuxpressoide_10.1.1_606/ide/tools/bin/../lib/gcc/arm-none-eabi/6.3.1/../../../../arm-none-eabi/lib/thumb/v7e-m/fpv4-sp/hard\libcr_c.a(setvbuf.o)
 .comment       0x0000007f       0x80 c:/nxp/mcuxpressoide_10.1.1_606/ide/tools/bin/../lib/gcc/arm-none-eabi/6.3.1/../../../../arm-none-eabi/lib/thumb/v7e-m/fpv4-sp/hard\libcr_c.a(strlen.o)
 .comment       0x0000007f       0x80 c:/nxp/mcuxpressoide_10.1.1_606/ide/tools/bin/../lib/gcc/arm-none-eabi/6.3.1/../../../../arm-none-eabi/lib/thumb/v7e-m/fpv4-sp/hard\libcr_c.a(__init_alloc.o)
 .comment       0x0000007f       0x80 c:/nxp/mcuxpressoide_10.1.1_606/ide/tools/bin/../lib/gcc/arm-none-eabi/6.3.1/../../../../arm-none-eabi/lib/thumb/v7e-m/fpv4-sp/hard\libcr_c.a(_cr_sbrk.o)
 .comment       0x0000007f       0x80 c:/nxp/mcuxpressoide_10.1.1_606/ide/tools/bin/../lib/gcc/arm-none-eabi/6.3.1/../../../../arm-none-eabi/lib/thumb/v7e-m/fpv4-sp/hard\libcr_c.a(_fdopen.o)
 .comment       0x0000007f       0x80 c:/nxp/mcuxpressoide_10.1.1_606/ide/tools/bin/../lib/gcc/arm-none-eabi/6.3.1/../../../../arm-none-eabi/lib/thumb/v7e-m/fpv4-sp/hard\libcr_c.a(errno.o)
 .comment       0x0000007f       0x80 c:/nxp/mcuxpressoide_10.1.1_606/ide/tools/bin/../lib/gcc/arm-none-eabi/6.3.1/../../../../arm-none-eabi/lib/thumb/v7e-m/fpv4-sp/hard\libcr_c.a(fclose.o)
 .comment       0x0000007f       0x80 c:/nxp/mcuxpressoide_10.1.1_606/ide/tools/bin/../lib/gcc/arm-none-eabi/6.3.1/../../../../arm-none-eabi/lib/thumb/v7e-m/fpv4-sp/hard\libcr_c.a(fflush.o)
 .comment       0x0000007f       0x80 c:/nxp/mcuxpressoide_10.1.1_606/ide/tools/bin/../lib/gcc/arm-none-eabi/6.3.1/../../../../arm-none-eabi/lib/thumb/v7e-m/fpv4-sp/hard\libcr_c.a(remove.o)
 .comment       0x0000007f       0x80 c:/nxp/mcuxpressoide_10.1.1_606/ide/tools/bin/../lib/gcc/arm-none-eabi/6.3.1/../../../../arm-none-eabi/lib/thumb/v7e-m/fpv4-sp/hard\libcr_c.a(_cr_check_heap.o)
 .comment       0x0000007f       0x80 c:/nxp/mcuxpressoide_10.1.1_606/ide/tools/bin/../lib/gcc/arm-none-eabi/6.3.1/../../../../arm-none-eabi/lib/thumb/v7e-m/fpv4-sp/hard\libcr_c.a(_do_fflush.o)
 .comment       0x0000007f       0x80 c:/nxp/mcuxpressoide_10.1.1_606/ide/tools/bin/../lib/gcc/arm-none-eabi/6.3.1/../../../../arm-none-eabi/lib/thumb/v7e-m/fpv4-sp/hard\libcr_nohost_nf.a(__sys_close.o)
 .comment       0x0000007f       0x80 c:/nxp/mcuxpressoide_10.1.1_606/ide/tools/bin/../lib/gcc/arm-none-eabi/6.3.1/../../../../arm-none-eabi/lib/thumb/v7e-m/fpv4-sp/hard\libcr_nohost_nf.a(__sys_flen.o)
 .comment       0x0000007f       0x80 c:/nxp/mcuxpressoide_10.1.1_606/ide/tools/bin/../lib/gcc/arm-none-eabi/6.3.1/../../../../arm-none-eabi/lib/thumb/v7e-m/fpv4-sp/hard\libcr_nohost_nf.a(__sys_istty.o)
 .comment       0x0000007f       0x80 c:/nxp/mcuxpressoide_10.1.1_606/ide/tools/bin/../lib/gcc/arm-none-eabi/6.3.1/../../../../arm-none-eabi/lib/thumb/v7e-m/fpv4-sp/hard\libcr_nohost_nf.a(__sys_remove.o)
 .comment       0x0000007f       0x80 c:/nxp/mcuxpressoide_10.1.1_606/ide/tools/bin/../lib/gcc/arm-none-eabi/6.3.1/../../../../arm-none-eabi/lib/thumb/v7e-m/fpv4-sp/hard\libcr_nohost_nf.a(__sys_seek.o)
 .comment       0x0000007f       0x80 c:/nxp/mcuxpressoide_10.1.1_606/ide/tools/bin/../lib/gcc/arm-none-eabi/6.3.1/../../../../arm-none-eabi/lib/thumb/v7e-m/fpv4-sp/hard\libcr_nohost_nf.a(__sys_tmpnam.o)
 .comment       0x0000007f       0x80 c:/nxp/mcuxpressoide_10.1.1_606/ide/tools/bin/../lib/gcc/arm-none-eabi/6.3.1/../../../../arm-none-eabi/lib/thumb/v7e-m/fpv4-sp/hard\libcr_nohost_nf.a(__sys_write.o)

.ARM.attributes
                0x00000000       0x37
 .ARM.attributes
                0x00000000       0x39 ./utilities/fsl_debug_console.o
 .ARM.attributes
                0x00000039       0x39 ./utilities/fsl_io.o
 .ARM.attributes
                0x00000072       0x39 ./utilities/fsl_log.o
 .ARM.attributes
                0x000000ab       0x39 ./utilities/fsl_str.o
 .ARM.attributes
                0x000000e4       0x39 ./startup/startup_mk64f12.o
 .ARM.attributes
                0x0000011d       0x39 ./source/ContextSwitch-2.o
 .ARM.attributes
                0x00000156       0x39 ./source/context_switch.o
 .ARM.attributes
                0x0000018f       0x39 ./source/semihost_hardfault.o
 .ARM.attributes
                0x000001c8       0x39 ./source/syscall.o
 .ARM.attributes
                0x00000201       0x39 ./drivers/fsl_clock.o
 .ARM.attributes
                0x0000023a       0x39 ./drivers/fsl_uart.o
 .ARM.attributes
                0x00000273       0x39 ./board/board.o
 .ARM.attributes
                0x000002ac       0x39 ./board/clock_config.o
 .ARM.attributes
                0x000002e5       0x39 ./board/pin_mux.o
 .ARM.attributes
                0x0000031e       0x39 ./CMSIS/system_MK64F12.o
 .ARM.attributes
                0x00000357       0x39 c:/nxp/mcuxpressoide_10.1.1_606/ide/tools/bin/../lib/gcc/arm-none-eabi/6.3.1/../../../../arm-none-eabi/lib/thumb/v7e-m/fpv4-sp/hard\libcr_nohost_nf.a(_cr__main.o)
 .ARM.attributes
                0x00000390       0x39 c:/nxp/mcuxpressoide_10.1.1_606/ide/tools/bin/../lib/gcc/arm-none-eabi/6.3.1/../../../../arm-none-eabi/lib/thumb/v7e-m/fpv4-sp/hard\libcr_nohost_nf.a(_cr_assert.o)
 .ARM.attributes
                0x000003c9       0x39 c:/nxp/mcuxpressoide_10.1.1_606/ide/tools/bin/../lib/gcc/arm-none-eabi/6.3.1/../../../../arm-none-eabi/lib/thumb/v7e-m/fpv4-sp/hard\libcr_nohost_nf.a(__ciob.o)
 .ARM.attributes
                0x00000402       0x39 c:/nxp/mcuxpressoide_10.1.1_606/ide/tools/bin/../lib/gcc/arm-none-eabi/6.3.1/../../../../arm-none-eabi/lib/thumb/v7e-m/fpv4-sp/hard\libcr_nohost_nf.a(__sys_appexit.o)
 .ARM.attributes
                0x0000043b       0x39 c:/nxp/mcuxpressoide_10.1.1_606/ide/tools/bin/../lib/gcc/arm-none-eabi/6.3.1/../../../../arm-none-eabi/lib/thumb/v7e-m/fpv4-sp/hard\libcr_c.a(memset.o)
 .ARM.attributes
                0x00000474       0x39 c:/nxp/mcuxpressoide_10.1.1_606/ide/tools/bin/../lib/gcc/arm-none-eabi/6.3.1/../../../../arm-none-eabi/lib/thumb/v7e-m/fpv4-sp/hard\libcr_c.a(_deferredlazyseek.o)
 .ARM.attributes
                0x000004ad       0x39 c:/nxp/mcuxpressoide_10.1.1_606/ide/tools/bin/../lib/gcc/arm-none-eabi/6.3.1/../../../../arm-none-eabi/lib/thumb/v7e-m/fpv4-sp/hard\libcr_c.a(_fflush.o)
 .ARM.attributes
                0x000004e6       0x39 c:/nxp/mcuxpressoide_10.1.1_606/ide/tools/bin/../lib/gcc/arm-none-eabi/6.3.1/../../../../arm-none-eabi/lib/thumb/v7e-m/fpv4-sp/hard\libcr_c.a(_writebuf.o)
 .ARM.attributes
                0x0000051f       0x39 c:/nxp/mcuxpressoide_10.1.1_606/ide/tools/bin/../lib/gcc/arm-none-eabi/6.3.1/../../../../arm-none-eabi/lib/thumb/v7e-m/fpv4-sp/hard\libcr_c.a(alloc.o)
 .ARM.attributes
                0x00000558       0x39 c:/nxp/mcuxpressoide_10.1.1_606/ide/tools/bin/../lib/gcc/arm-none-eabi/6.3.1/../../../../arm-none-eabi/lib/thumb/v7e-m/fpv4-sp/hard\libcr_c.a(fputs.o)
 .ARM.attributes
                0x00000591       0x39 c:/nxp/mcuxpressoide_10.1.1_606/ide/tools/bin/../lib/gcc/arm-none-eabi/6.3.1/../../../../arm-none-eabi/lib/thumb/v7e-m/fpv4-sp/hard\libcr_c.a(fseek.o)
 .ARM.attributes
                0x000005ca       0x39 c:/nxp/mcuxpressoide_10.1.1_606/ide/tools/bin/../lib/gcc/arm-none-eabi/6.3.1/../../../../arm-none-eabi/lib/thumb/v7e-m/fpv4-sp/hard\libcr_c.a(ftell.o)
 .ARM.attributes
                0x00000603       0x39 c:/nxp/mcuxpressoide_10.1.1_606/ide/tools/bin/../lib/gcc/arm-none-eabi/6.3.1/../../../../arm-none-eabi/lib/thumb/v7e-m/fpv4-sp/hard\libcr_c.a(initio.o)
 .ARM.attributes
                0x0000063c       0x39 c:/nxp/mcuxpressoide_10.1.1_606/ide/tools/bin/../lib/gcc/arm-none-eabi/6.3.1/../../../../arm-none-eabi/lib/thumb/v7e-m/fpv4-sp/hard\libcr_c.a(setvbuf.o)
 .ARM.attributes
                0x00000675       0x39 c:/nxp/mcuxpressoide_10.1.1_606/ide/tools/bin/../lib/gcc/arm-none-eabi/6.3.1/../../../../arm-none-eabi/lib/thumb/v7e-m/fpv4-sp/hard\libcr_c.a(strlen.o)
 .ARM.attributes
                0x000006ae       0x39 c:/nxp/mcuxpressoide_10.1.1_606/ide/tools/bin/../lib/gcc/arm-none-eabi/6.3.1/../../../../arm-none-eabi/lib/thumb/v7e-m/fpv4-sp/hard\libcr_c.a(__init_alloc.o)
 .ARM.attributes
                0x000006e7       0x39 c:/nxp/mcuxpressoide_10.1.1_606/ide/tools/bin/../lib/gcc/arm-none-eabi/6.3.1/../../../../arm-none-eabi/lib/thumb/v7e-m/fpv4-sp/hard\libcr_c.a(_cr_sbrk.o)
 .ARM.attributes
                0x00000720       0x39 c:/nxp/mcuxpressoide_10.1.1_606/ide/tools/bin/../lib/gcc/arm-none-eabi/6.3.1/../../../../arm-none-eabi/lib/thumb/v7e-m/fpv4-sp/hard\libcr_c.a(_fdopen.o)
 .ARM.attributes
                0x00000759       0x39 c:/nxp/mcuxpressoide_10.1.1_606/ide/tools/bin/../lib/gcc/arm-none-eabi/6.3.1/../../../../arm-none-eabi/lib/thumb/v7e-m/fpv4-sp/hard\libcr_c.a(errno.o)
 .ARM.attributes
                0x00000792       0x39 c:/nxp/mcuxpressoide_10.1.1_606/ide/tools/bin/../lib/gcc/arm-none-eabi/6.3.1/../../../../arm-none-eabi/lib/thumb/v7e-m/fpv4-sp/hard\libcr_c.a(fclose.o)
 .ARM.attributes
                0x000007cb       0x39 c:/nxp/mcuxpressoide_10.1.1_606/ide/tools/bin/../lib/gcc/arm-none-eabi/6.3.1/../../../../arm-none-eabi/lib/thumb/v7e-m/fpv4-sp/hard\libcr_c.a(fflush.o)
 .ARM.attributes
                0x00000804       0x39 c:/nxp/mcuxpressoide_10.1.1_606/ide/tools/bin/../lib/gcc/arm-none-eabi/6.3.1/../../../../arm-none-eabi/lib/thumb/v7e-m/fpv4-sp/hard\libcr_c.a(remove.o)
 .ARM.attributes
                0x0000083d       0x39 c:/nxp/mcuxpressoide_10.1.1_606/ide/tools/bin/../lib/gcc/arm-none-eabi/6.3.1/../../../../arm-none-eabi/lib/thumb/v7e-m/fpv4-sp/hard\libcr_c.a(_cr_check_heap.o)
 .ARM.attributes
                0x00000876       0x39 c:/nxp/mcuxpressoide_10.1.1_606/ide/tools/bin/../lib/gcc/arm-none-eabi/6.3.1/../../../../arm-none-eabi/lib/thumb/v7e-m/fpv4-sp/hard\libcr_c.a(_do_fflush.o)
 .ARM.attributes
                0x000008af       0x25 c:/nxp/mcuxpressoide_10.1.1_606/ide/tools/bin/../lib/gcc/arm-none-eabi/6.3.1/thumb/v7e-m/fpv4-sp/hard\libcr_eabihelpers.a(memcpy.o)
 .ARM.attributes
                0x000008d4       0x39 c:/nxp/mcuxpressoide_10.1.1_606/ide/tools/bin/../lib/gcc/arm-none-eabi/6.3.1/../../../../arm-none-eabi/lib/thumb/v7e-m/fpv4-sp/hard\libcr_nohost_nf.a(__sys_close.o)
 .ARM.attributes
                0x0000090d       0x39 c:/nxp/mcuxpressoide_10.1.1_606/ide/tools/bin/../lib/gcc/arm-none-eabi/6.3.1/../../../../arm-none-eabi/lib/thumb/v7e-m/fpv4-sp/hard\libcr_nohost_nf.a(__sys_flen.o)
 .ARM.attributes
                0x00000946       0x39 c:/nxp/mcuxpressoide_10.1.1_606/ide/tools/bin/../lib/gcc/arm-none-eabi/6.3.1/../../../../arm-none-eabi/lib/thumb/v7e-m/fpv4-sp/hard\libcr_nohost_nf.a(__sys_istty.o)
 .ARM.attributes
                0x0000097f       0x39 c:/nxp/mcuxpressoide_10.1.1_606/ide/tools/bin/../lib/gcc/arm-none-eabi/6.3.1/../../../../arm-none-eabi/lib/thumb/v7e-m/fpv4-sp/hard\libcr_nohost_nf.a(__sys_remove.o)
 .ARM.attributes
                0x000009b8       0x39 c:/nxp/mcuxpressoide_10.1.1_606/ide/tools/bin/../lib/gcc/arm-none-eabi/6.3.1/../../../../arm-none-eabi/lib/thumb/v7e-m/fpv4-sp/hard\libcr_nohost_nf.a(__sys_seek.o)
 .ARM.attributes
                0x000009f1       0x39 c:/nxp/mcuxpressoide_10.1.1_606/ide/tools/bin/../lib/gcc/arm-none-eabi/6.3.1/../../../../arm-none-eabi/lib/thumb/v7e-m/fpv4-sp/hard\libcr_nohost_nf.a(__sys_tmpnam.o)
 .ARM.attributes
                0x00000a2a       0x39 c:/nxp/mcuxpressoide_10.1.1_606/ide/tools/bin/../lib/gcc/arm-none-eabi/6.3.1/../../../../arm-none-eabi/lib/thumb/v7e-m/fpv4-sp/hard\libcr_nohost_nf.a(__sys_write.o)

.debug_frame    0x00000000     0x1df4
 .debug_frame   0x00000000      0x150 ./utilities/fsl_debug_console.o
 .debug_frame   0x00000150       0xe0 ./utilities/fsl_io.o
 .debug_frame   0x00000230      0x120 ./utilities/fsl_log.o
 .debug_frame   0x00000350       0xb4 ./utilities/fsl_str.o
 .debug_frame   0x00000404      0x8f4 ./startup/startup_mk64f12.o
 .debug_frame   0x00000cf8       0x48 ./source/ContextSwitch-2.o
 .debug_frame   0x00000d40       0x48 ./source/context_switch.o
 .debug_frame   0x00000d88       0x20 ./source/semihost_hardfault.o
 .debug_frame   0x00000da8       0x30 ./source/syscall.o
 .debug_frame   0x00000dd8      0x820 ./drivers/fsl_clock.o
 .debug_frame   0x000015f8      0x5ec ./drivers/fsl_uart.o
 .debug_frame   0x00001be4       0x34 ./board/board.o
 .debug_frame   0x00001c18      0x108 ./board/clock_config.o
 .debug_frame   0x00001d20       0x7c ./board/pin_mux.o
 .debug_frame   0x00001d9c       0x58 ./CMSIS/system_MK64F12.o
